// Jest Snapshot v1, https://goo.gl/fbAQLP

exports[`Beers test should render properly 1`] = `ShallowWrapper {}`;
