// Jest Snapshot v1, https://goo.gl/fbAQLP

exports[`BeersList test should render properly 1`] = `ShallowWrapper {}`;
